// Vitest Snapshot v1, https://vitest.dev/guide/snapshot.html

exports[`Card > Should render correctly 1`] = `""`;
